shingotana@shingonoAir ~ % cd
shingotana@shingonoAir ~ % mkdir git_challenge
shingotana@shingonoAir ~ % cd git_challenge
shingotana@shingonoAir git_challenge % git init
hint: Using 'master' as the name for the initial branch. This default branch name
hint: is subject to change. To configure the initial branch name to use in all
hint: of your new repositories, which will suppress this warning, call:
hint:
hint: 	git config --global init.defaultBranch <name>
hint:
hint: Names commonly chosen instead of 'master' are 'main', 'trunk' and
hint: 'development'. The just-created branch can be renamed via this command:
hint:
hint: 	git branch -m <name>
Initialized empty Git repository in /Users/shingotana/git_challenge/.git/
shingotana@shingonoAir git_challenge % git add hello_world.txt
shingotana@shingonoAir git_challenge % git add Users/shingotana/git_challenge
fatal: pathspec 'Users/shingotana/git_challenge' did not match any files
shingotana@shingonoAir git_challenge % git add "hello_world.txt"
shingotana@shingonoAir git_challenge % Users/shingotana/git_challenge/.git
zsh: no such file or directory: Users/shingotana/git_challenge/.git
shingotana@shingonoAir git_challenge % git add.
git: 'add.' is not a git command. See 'git --help'.

The most similar command is
	add
shingotana@shingonoAir git_challenge % git add hello.txt 
fatal: pathspec 'hello.txt' did not match any files
shingotana@shingonoAir git_challenge % git add hello_world.txt
shingotana@shingonoAir git_challenge % git commit -m "hello_world"
[master (root-commit) 57198d7] hello_world
 1 file changed, 0 insertions(+), 0 deletions(-)
 create mode 100644 hello_world.txt
shingotana@shingonoAir git_challenge % git status
On branch master
Changes not staged for commit:
  (use "git add <file>..." to update what will be committed)
  (use "git restore <file>..." to discard changes in working directory)
	modified:   hello_world.txt

no changes added to commit (use "git add" and/or "git commit -a")
shingotana@shingonoAir git_challenge % git log
commit 57198d76f6d8711b44b19361b7ef583aef40a63e (HEAD -> master)
Author: samurai-terakoya <”shingo_tana626@icloud.com”>
Date:   Mon Jan 13 15:34:53 2025 +0900

    hello_world
